// Jest Snapshot v1, https://goo.gl/fbAQLP

exports[`<Check /> matches snapshot 1`] = `
.glamor-0,
[data-glamor-0] {
  display: inline-block;
  border-radius: 4px;
  vertical-align: middle;
  width: 20px;
  height: 20px;
  appearance: none;
  border: 0;
  background: var(--color-1) url(check.svg) no-repeat center center;
  -webkit-appearance: none;
  -moz-appearance: none;
}

<label>
  <Component
    checked={true}
    onChange={[Function]}
  >
    <input
      checked={true}
      className={
        Object {
          "data-glamor-0": "",
        }
      }
      onChange={[Function]}
      type="checkbox"
    />
  </Component>
</label>
`;
