// Jest Snapshot v1, https://goo.gl/fbAQLP

exports[`Header Component matches snapshot 1`] = `
<header
  class="sc-fBuWsC gUQLbY"
  data-testid="APP_HEADER"
>
  <nav
    class="sc-csuQGl fUdZHz"
  >
    <div
      class="sc-gipzik eaVZiQ"
    >
      <svg
        width="33"
        height="50"
        viewBox="0 0 33 50"
      >
        <title>
          Downwrite Logo
        </title>
        <defs>
          <radialgradient
            fx="50%"
            fy="50%"
            r="143.827%"
            id="a"
          >
            <stop
              stop-color="#FFCE00"
              offset="0%"
            />
            <stop
              stop-color="#FFD600"
              offset="16.39%"
            />
            <stop
              stop-color="#FFE600"
              offset="57.9%"
            />
            <stop
              stop-color="#FFCE00"
              offset="100%"
            />
          </radialgradient>
          <radialgradient
            fx="50%"
            fy="50%"
            r="143.827%"
            id="b"
          >
            <stop
              stop-color="#FFB600"
              offset="0%"
            />
            <stop
              stop-color="#FFC200"
              offset="52.49%"
            />
            <stop
              stop-color="#F4A903"
              offset="100%"
            />
          </radialgradient>
        </defs>
        <g
          fill="none"
          fill-rule="evenodd"
        >
          <path
            d="M16.469 5.275V30.97c1.202 0 2.176.965 2.176 2.155s-.974 2.155-2.176 2.155v9.444l10.101-9.594L16.47 5.275z"
            fill="url(#a)"
          />
          <path
            d="M14.293 33.126c0-1.19.974-2.155 2.176-2.155V5.275L6.367 35.13l10.102 9.594v-9.444a2.165 2.165 0 0 1-2.176-2.155z"
            fill="url(#b)"
          />
          <path
            d="M32.938 50H0V0h32.938v50zM1.63 48.47h29.677V1.53H1.63v46.94z"
            fill="#FFC200"
          />
        </g>
      </svg>
    </div>
    <a
      class="sc-bRBYWo isFbr"
      href="/"
    >
      <h1
        class="sc-jhAzac dVEBXt"
        data-testid="APP_HEADER_TITLE"
      >
        Downwrite
      </h1>
    </a>
  </nav>
  <nav
    class="sc-csuQGl fUdZHz"
  >
    <a
      class="sc-Rmtcm jYTvmM"
      href="/new"
    >
      New
    </a>
    <button
      class="sc-hzDkRC fAgjdi"
    >
      <svg
        width="20px"
        height="9px"
        viewBox="0 0 20 9"
      >
        <desc>
          Navicon
        </desc>
        <g
          stroke="none"
          stroke-width="1"
          fill="none"
          fill-rule="evenodd"
        >
          <g
            fill="#4C4C4C"
          >
            <rect
              id="Rectangle-Copy-3"
              x="0"
              y="0"
              width="20"
              height="1"
            />
            <rect
              id="Rectangle-Copy-4"
              x="10"
              y="4"
              width="10"
              height="1"
            />
            <rect
              id="Rectangle-Copy-5"
              x="5"
              y="8"
              width="15"
              height="1"
            />
          </g>
        </g>
      </svg>
    </button>
  </nav>
</header>
`;
