// Jest Snapshot v1, https://goo.gl/fbAQLP

exports[`Header Component matches snapshot 1`] = `
<header
  class="jsx-2994242726 ui-header"
  data-testid="APP_HEADER"
>
  <nav
    class="jsx-2994242726 nav"
  >
    <div
      class="jsx-1236183028"
    >
      <svg
        class="jsx-1236183028"
        height="50"
        viewBox="0 0 33 50"
        width="33"
      >
        <title
          class="jsx-1236183028"
        >
          Downwrite Logo
        </title>
        <defs
          class="jsx-1236183028"
        >
          <radialgradient
            class="jsx-1236183028"
            fx="50%"
            fy="50%"
            id="a"
            r="143.827%"
          >
            <stop
              class="jsx-1236183028"
              offset="0%"
              stop-color="#FFCE00"
            />
            <stop
              class="jsx-1236183028"
              offset="16.39%"
              stop-color="#FFD600"
            />
            <stop
              class="jsx-1236183028"
              offset="57.9%"
              stop-color="#FFE600"
            />
            <stop
              class="jsx-1236183028"
              offset="100%"
              stop-color="#FFCE00"
            />
          </radialgradient>
          <radialgradient
            class="jsx-1236183028"
            fx="50%"
            fy="50%"
            id="b"
            r="143.827%"
          >
            <stop
              class="jsx-1236183028"
              offset="0%"
              stop-color="#FFB600"
            />
            <stop
              class="jsx-1236183028"
              offset="52.49%"
              stop-color="#FFC200"
            />
            <stop
              class="jsx-1236183028"
              offset="100%"
              stop-color="#F4A903"
            />
          </radialgradient>
        </defs>
        <g
          class="jsx-1236183028"
          fill="none"
          fill-rule="evenodd"
        >
          <path
            class="jsx-1236183028"
            d="M16.469 5.275V30.97c1.202 0 2.176.965 2.176 2.155s-.974 2.155-2.176 2.155v9.444l10.101-9.594L16.47 5.275z"
            fill="url(#a)"
          />
          <path
            class="jsx-1236183028"
            d="M14.293 33.126c0-1.19.974-2.155 2.176-2.155V5.275L6.367 35.13l10.102 9.594v-9.444a2.165 2.165 0 0 1-2.176-2.155z"
            fill="url(#b)"
          />
          <path
            class="jsx-1236183028"
            d="M32.938 50H0V0h32.938v50zM1.63 48.47h29.677V1.53H1.63v46.94z"
            fill="#FFC200"
          />
        </g>
      </svg>
    </div>
    <h1
      class="jsx-2994242726"
      data-testid="APP_HEADER_TITLE"
    >
      <a
        class="jsx-2994242726 home-link"
      >
        Downwrite
      </a>
    </h1>
  </nav>
  <nav
    class="jsx-2994242726 nav"
  >
    <a
      class="jsx-2312681787 "
      style="margin-right: 8px;"
    >
      Login or Sign Up
    </a>
  </nav>
</header>
`;
